C51 COMPILER V9.00   SPI                                                                   06/01/2016 10:43:49 PAGE 1   


C51 COMPILER V9.00, COMPILATION OF MODULE SPI
OBJECT MODULE PLACED IN spi.OBJ
COMPILER INVOKED BY: D:\Installed\ProfessionalTool\Keil\C51\BIN\C51.EXE spi.c BROWSE DEBUG OBJECTEXTEND

line level    source

   1          #include "spi.h"
   2          
   3          #define set_spi_cs()    CS   =1  
   4          #define clr_spi_cs()    CS   =0  
   5          #define set_spi_clk()   CLK   =1  
   6          #define clr_spi_clk()   CLK   =0  
   7          #define set_spi_di()    MOSI   =1  
   8          #define clr_spi_di()    MOSI   =0  
   9          #define read_spi_do()   MISO      
  10          
  11          /****************************************
  12          * 名称：spi_reset
  13          * 输入：无
  14          * 输出：无
  15          * 备注：复位芯片，拉高CS管脚
  16          ****************************************/
  17          void spi_reset()  
  18          {  
  19   1        set_spi_cs();    
  20   1      }  
  21          
  22          /****************************************
  23          * 名称：spi_write
  24          * 输入：spi_bValue 通过spi写的数据
  25          * 输出：无
  26          * 备注：spi写数据
  27          ****************************************/
  28          void spi_write(unsigned char spi_bValue)  
  29          {  
  30   1              unsigned   char   no;  
  31   1              clr_spi_cs();                   //片选使能设备  
  32   1              for (no=0;no<8;no++)  
  33   1              {  
  34   2                      clr_spi_clk();      
  35   2                      if((spi_bValue&0x80)==0x80)  
  36   2                          set_spi_di();  
  37   2                      else  
  38   2                          clr_spi_di();  
  39   2                      set_spi_clk();    
  40   2                      spi_bValue = (spi_bValue<<1);  
  41   2              }  
  42   1      }  
  43          
  44          /****************************************
  45          * 名称：spi_read
  46          * 输入：无
  47          * 输出：读取到的数据
  48          * 备注：spi读数据
  49          ****************************************/
  50          unsigned char spi_read()  
  51          {  
  52   1              unsigned char no,spi_bValue;  
  53   1              clr_spi_cs();  
  54   1              for (no=0;no<8;no++)  
  55   1              {                                                                  
C51 COMPILER V9.00   SPI                                                                   06/01/2016 10:43:49 PAGE 2   

  56   2                      clr_spi_clk();
  57   2                      spi_bValue = (spi_bValue<<1);  
  58   2                      set_spi_clk();  
  59   2                      if(read_spi_do()==1)  
  60   2                              spi_bValue |= 0x01;  
  61   2                      else  
  62   2                          spi_bValue &= (~0x01);  
  63   2              }  
  64   1              return spi_bValue;  
  65   1      }   


MODULE INFORMATION:   STATIC OVERLAYABLE
   CODE SIZE        =     58    ----
   CONSTANT SIZE    =   ----    ----
   XDATA SIZE       =   ----    ----
   PDATA SIZE       =   ----    ----
   DATA SIZE        =   ----    ----
   IDATA SIZE       =   ----    ----
   BIT SIZE         =   ----    ----
END OF MODULE INFORMATION.


C51 COMPILATION COMPLETE.  0 WARNING(S),  0 ERROR(S)
